01:23:39 **** Incremental Build of configuration Debug for project STM32F411RE ****
make -j12 all 
arm-none-eabi-size  STM32F411RE.elf 
   text	   data	    bss	    dec	    hex	filename
  10204	     96	   1952	  12252	   2fdc	STM32F411RE.elf
Finished building: default.size.stdout
 

01:23:39 Build Finished. 0 errors, 0 warnings. (took 282ms)

01:23:39 **** Incremental Build of configuration Debug for project STM32F411RE ****
make -j12 all 
arm-none-eabi-size  STM32F411RE.elf 
   text	   data	    bss	    dec	    hex	filename
  10204	     96	   1952	  12252	   2fdc	STM32F411RE.elf
Finished building: default.size.stdout
 
01:23:40 **** Incremental Build of configuration Debug for project STM32F411RE ****
make -j12 all 
arm-none-eabi-size  STM32F411RE.elf 
   text	   data	    bss	    dec	    hex	filename
  10204	     96	   1952	  12252	   2fdc	STM32F411RE.elf
Finished building: default.size.stdout
 
